[     309ms] [ERROR] [InkForge] [ERROR] 2026-03-28T15:10:22.909Z | 加载账户列表失败 | {"errorName":"SchemaError","errorMessage":"KeyPath updatedAt on object store accounts is not indexed"} @ http://localhost:3005/src/services/error.ts:178
[     423ms] [WARNING] [Vue warn]: Component inside <Transition> renders non-element root node that cannot be animated. 
  at <AccountWelcome onVnodeUnmounted=fn<onVnodeUnmounted> ref=Ref< undefined > key="/account" > 
  at <BaseTransition mode="out-in" appear=false persisted=false  ... > 
  at <Transition name="page-slide-left" mode="out-in" > 
  at <RouterView> 
  at <App> @ http://localhost:3005/node_modules/.vite/deps/chunk-MG52UOXF.js?v=d38826f7:2196
[     429ms] [WARNING] [Vue warn]: Component inside <Transition> renders non-element root node that cannot be animated. 
  at <AccountWelcome onVnodeUnmounted=fn<onVnodeUnmounted> ref=Ref< Proxy(Object) > key="/account" > 
  at <BaseTransition mode="out-in" appear=false persisted=false  ... > 
  at <Transition name="page-slide-left" mode="out-in" > 
  at <RouterView> 
  at <App> @ http://localhost:3005/node_modules/.vite/deps/chunk-MG52UOXF.js?v=d38826f7:2196
[     487ms] [WARNING] [Vue warn]: Component inside <Transition> renders non-element root node that cannot be animated. 
  at <AccountWelcome onVnodeUnmounted=fn<onVnodeUnmounted> ref=Ref< Proxy(Object) > key="/account" > 
  at <BaseTransition mode="out-in" appear=false persisted=false  ... > 
  at <Transition name="page-slide-left" mode="out-in" > 
  at <RouterView> 
  at <App> @ http://localhost:3005/node_modules/.vite/deps/chunk-MG52UOXF.js?v=d38826f7:2196
[     488ms] [ERROR] [InkForge] [ERROR] 2026-03-28T15:10:23.089Z | 加载账户列表失败 | {"errorName":"SchemaError","errorMessage":"KeyPath updatedAt on object store accounts is not indexed"} @ http://localhost:3005/src/services/error.ts:178
[     489ms] [WARNING] [Vue warn]: Component inside <Transition> renders non-element root node that cannot be animated. 
  at <AccountWelcome onVnodeUnmounted=fn<onVnodeUnmounted> ref=Ref< Proxy(Object) > key="/account" > 
  at <BaseTransition mode="out-in" appear=false persisted=false  ... > 
  at <Transition name="page-slide-left" mode="out-in" > 
  at <RouterView> 
  at <App> @ http://localhost:3005/node_modules/.vite/deps/chunk-MG52UOXF.js?v=d38826f7:2196
[     490ms] [WARNING] [Vue warn]: Component inside <Transition> renders non-element root node that cannot be animated. 
  at <AccountWelcome onVnodeUnmounted=fn<onVnodeUnmounted> ref=Ref< Proxy(Object) > key="/account" > 
  at <BaseTransition mode="out-in" appear=false persisted=false  ... > 
  at <Transition name="page-slide-left" mode="out-in" > 
  at <RouterView> 
  at <App> @ http://localhost:3005/node_modules/.vite/deps/chunk-MG52UOXF.js?v=d38826f7:2196
[     492ms] [ERROR] [InkForge] [ERROR] 2026-03-28T15:10:23.092Z | 加载账户列表失败 | {"errorName":"SchemaError","errorMessage":"KeyPath updatedAt on object store accounts is not indexed"} @ http://localhost:3005/src/services/error.ts:178
