
Execution of 1 workers started at 2026-07-26T21:26:50.482Z

[0-0] [InkForge E2E] tauri-driver PID 46916 owns port 4444
[0-0] RUNNING in undefined - file:///D:/Desktop/Inkforge/inkforge/tests/e2e/specs/svg-render.spec.cjs
[0-0] Asset `favicon.ico` not found; fallback to favicon.ico.html
[0-0] Asset `favicon.ico` not found; fallback to favicon.ico/index.html
[0-0] Asset `favicon.ico` not found; fallback to index.html
[0-0] [InkForge E2E] isolated WebView2 data verified in scoped_dir28956_1129849297
[0-0] [InkForge E2E] selected main WebView from 1 window handle(s)
[0-0] [InkForge E2E] host/client bounds aligned: host=1401x900, client=1400x900, gap=1x0
[0-0] [InkForge E2E] selected main WebView from 1 window handle(s)
[0-0] [InkForge E2E] host/client bounds aligned: host=1401x900, client=1400x900, gap=1x0
[0-0] Error in "InkForge — SVG flagship typesetting (PR7, multi-round, real binary).surfaces style capability gates for all platforms in the real ExportModal"
Error: Kiln capability click did not settle into the matching active preset and preflight
    at <anonymous> (D:\Desktop\Inkforge\inkforge\node_modules\.pnpm\webdriverio@9.27.2\node_modules\webdriverio\build\node.js:6013:15)
    at async Browser.wrapCommandFn (D:\Desktop\Inkforge\inkforge\node_modules\.pnpm\@wdio+utils@9.27.2\node_modules\@wdio\utils\build\index.js:982:23)
    at async Context.<anonymous> (D:\Desktop\Inkforge\inkforge\tests\e2e\specs\svg-render.spec.cjs:1550:5)
    at async Context.executeAsync (D:\Desktop\Inkforge\inkforge\node_modules\.pnpm\@wdio+utils@9.27.2\node_modules\@wdio\utils\build\index.js:1108:20)
    at async Context.testFrameworkFnWrapper (D:\Desktop\Inkforge\inkforge\node_modules\.pnpm\@wdio+utils@9.27.2\node_modules\@wdio\utils\build\index.js:1188:14)
[0-0] [InkForge E2E] isolated OS credential removed
[0-0] FAILED in undefined - file:///D:/Desktop/Inkforge/inkforge/tests/e2e/specs/svg-render.spec.cjs

 "spec" Reporter:
------------------------------------------------------------------
[webview2 150.0.4078.99 windows #0-0] Running: webview2 (v150.0.4078.99) on windows
[webview2 150.0.4078.99 windows #0-0] Session ID: dbd10db99be36d8f350bb12cff43c655
[webview2 150.0.4078.99 windows #0-0]
[webview2 150.0.4078.99 windows #0-0] » tests\e2e\specs\svg-render.spec.cjs
[webview2 150.0.4078.99 windows #0-0] InkForge — SVG flagship typesetting (PR7, multi-round, real binary)
[webview2 150.0.4078.99 windows #0-0]    ✖ surfaces style capability gates for all platforms in the real ExportModal
[webview2 150.0.4078.99 windows #0-0]
[webview2 150.0.4078.99 windows #0-0] 1 failing (17.9s)
[webview2 150.0.4078.99 windows #0-0]
[webview2 150.0.4078.99 windows #0-0] 1) InkForge — SVG flagship typesetting (PR7, multi-round, real binary) surfaces style capability gates for all platforms in the real ExportModal
[webview2 150.0.4078.99 windows #0-0] Kiln capability click did not settle into the matching active preset and preflight
[webview2 150.0.4078.99 windows #0-0] Error: Kiln capability click did not settle into the matching active preset and preflight
[webview2 150.0.4078.99 windows #0-0]     at <anonymous> (D:\Desktop\Inkforge\inkforge\node_modules\.pnpm\webdriverio@9.27.2\node_modules\webdriverio\build\node.js:6013:15)
[webview2 150.0.4078.99 windows #0-0]     at async Browser.wrapCommandFn (D:\Desktop\Inkforge\inkforge\node_modules\.pnpm\@wdio+utils@9.27.2\node_modules\@wdio\utils\build\index.js:982:23)
[webview2 150.0.4078.99 windows #0-0]     at async Context.<anonymous> (D:\Desktop\Inkforge\inkforge\tests\e2e\specs\svg-render.spec.cjs:1550:5)
[webview2 150.0.4078.99 windows #0-0]     at async Context.executeAsync (D:\Desktop\Inkforge\inkforge\node_modules\.pnpm\@wdio+utils@9.27.2\node_modules\@wdio\utils\build\index.js:1108:20)
[webview2 150.0.4078.99 windows #0-0]     at async Context.testFrameworkFnWrapper (D:\Desktop\Inkforge\inkforge\node_modules\.pnpm\@wdio+utils@9.27.2\node_modules\@wdio\utils\build\index.js:1188:14)


Spec Files:	 0 passed, 1 failed, 1 total (100% completed) in 00:00:24  

