
> inkforge@0.1.0 build D:\Desktop\Inkforge\inkforge
> vue-tsc -b && vite build

vite v6.4.1 building for production...
transforming...
✓ 4675 modules transformed.
rendering chunks...
computing gzip size...
dist/assets/KaTeX_Size3-Regular-CTq5MqoE.woff           4.42 kB
dist/assets/KaTeX_Size4-Regular-Dl5lxZxV.woff2          4.93 kB
dist/assets/KaTeX_Size2-Regular-Dy4dx90m.woff2          5.21 kB
dist/assets/KaTeX_Size1-Regular-mCD8mA8B.woff2          5.47 kB
dist/assets/KaTeX_Size4-Regular-BF-4gkZK.woff           5.98 kB
dist/assets/KaTeX_Size2-Regular-oD1tc_U0.woff           6.19 kB
dist/assets/KaTeX_Size1-Regular-C195tn64.woff           6.50 kB
dist/assets/KaTeX_Caligraphic-Regular-Di6jR-x-.woff2    6.91 kB
dist/assets/KaTeX_Caligraphic-Bold-Dq_IR9rO.woff2       6.91 kB
dist/assets/KaTeX_Size3-Regular-DgpXs0kz.ttf            7.59 kB
dist/assets/KaTeX_Caligraphic-Regular-CTRA-rTL.woff     7.66 kB
dist/assets/KaTeX_Caligraphic-Bold-BEiXGLvX.woff        7.72 kB
dist/index.html                                         8.09 kB │ gzip:   2.98 kB
dist/assets/KaTeX_Script-Regular-D3wIWfF6.woff2         9.64 kB
dist/assets/KaTeX_SansSerif-Regular-DDBCnlJ7.woff2     10.34 kB
dist/assets/KaTeX_Size4-Regular-DWFBv043.ttf           10.36 kB
dist/assets/KaTeX_Script-Regular-D5yQViql.woff         10.59 kB
dist/assets/KaTeX_Fraktur-Regular-CTYiF6lA.woff2       11.32 kB
dist/assets/KaTeX_Fraktur-Bold-CL6g_b3V.woff2          11.35 kB
dist/assets/KaTeX_Size2-Regular-B7gKUWhC.ttf           11.51 kB
dist/assets/KaTeX_SansSerif-Italic-C3H0VqGB.woff2      12.03 kB
dist/assets/KaTeX_SansSerif-Bold-D1sUS0GD.woff2        12.22 kB
dist/assets/KaTeX_Size1-Regular-Dbsnue_I.ttf           12.23 kB
dist/assets/KaTeX_SansSerif-Regular-CS6fqUqJ.woff      12.32 kB
dist/assets/KaTeX_Caligraphic-Regular-wX97UBjC.ttf     12.34 kB
dist/assets/KaTeX_Caligraphic-Bold-ATXxdsX0.ttf        12.37 kB
dist/assets/KaTeX_Fraktur-Regular-Dxdc4cR9.woff        13.21 kB
dist/assets/KaTeX_Fraktur-Bold-BsDP51OF.woff           13.30 kB
dist/assets/KaTeX_Typewriter-Regular-CO6r4hn1.woff2    13.57 kB
dist/assets/KaTeX_SansSerif-Italic-DN2j7dab.woff       14.11 kB
dist/assets/KaTeX_SansSerif-Bold-DbIhKOiC.woff         14.41 kB
dist/assets/KaTeX_Typewriter-Regular-C0xS9mPB.woff     16.03 kB
dist/assets/KaTeX_Math-BoldItalic-CZnvNsCZ.woff2       16.40 kB
dist/assets/KaTeX_Math-Italic-t53AETM-.woff2           16.44 kB
dist/assets/KaTeX_Script-Regular-C5JkGWo-.ttf          16.65 kB
dist/assets/KaTeX_Main-BoldItalic-DxDJ3AOS.woff2       16.78 kB
dist/assets/KaTeX_Main-Italic-NWA7e6Wa.woff2           16.99 kB
dist/assets/KaTeX_Math-BoldItalic-iY-2wyZ7.woff        18.67 kB
dist/assets/KaTeX_Math-Italic-DA0__PXp.woff            18.75 kB
dist/assets/KaTeX_Main-BoldItalic-SpSLRI95.woff        19.41 kB
dist/assets/KaTeX_SansSerif-Regular-BNo7hRIc.ttf       19.44 kB
dist/assets/KaTeX_Fraktur-Regular-CB_wures.ttf         19.57 kB
dist/assets/KaTeX_Fraktur-Bold-BdnERNNW.ttf            19.58 kB
dist/assets/KaTeX_Main-Italic-BMLOBm91.woff            19.68 kB
dist/assets/KaTeX_SansSerif-Italic-YYjJ1zSn.ttf        22.36 kB
dist/assets/KaTeX_SansSerif-Bold-CFMepnvq.ttf          24.50 kB
dist/assets/KaTeX_Main-Bold-Cx986IdX.woff2             25.32 kB
dist/assets/KaTeX_Main-Regular-B22Nviop.woff2          26.27 kB
dist/assets/KaTeX_Typewriter-Regular-D3Ib7_Hf.ttf      27.56 kB
dist/assets/KaTeX_AMS-Regular-BQhdFMY1.woff2           28.08 kB
dist/assets/KaTeX_Main-Bold-Jm3AIy58.woff              29.91 kB
dist/assets/KaTeX_Main-Regular-Dr94JaBh.woff           30.77 kB
dist/assets/KaTeX_Math-BoldItalic-B3XSjfu4.ttf         31.20 kB
dist/assets/KaTeX_Math-Italic-flOr_0UB.ttf             31.31 kB
dist/assets/KaTeX_Main-BoldItalic-DzxPMmG6.ttf         32.97 kB
dist/assets/KaTeX_AMS-Regular-DMm9YOAa.woff            33.52 kB
dist/assets/KaTeX_Main-Italic-3WenGoN9.ttf             33.58 kB
dist/assets/KaTeX_Main-Bold-waoOVXN0.ttf               51.34 kB
dist/assets/KaTeX_Main-Regular-ypZvNtVU.ttf            53.58 kB
dist/assets/KaTeX_AMS-Regular-DRggAlZN.ttf             63.63 kB
dist/assets/NotFoundView-CSYuLDHF.css                   0.86 kB │ gzip:   0.41 kB
dist/assets/DevPanel-BbQ7JyjL.css                       4.79 kB │ gzip:   1.32 kB
dist/assets/ThemesView-Di8FwYiy.css                     7.13 kB │ gzip:   1.60 kB
dist/assets/AccountWelcome-DmBCJHFa.css                10.24 kB │ gzip:   2.31 kB
dist/assets/PublishView-579CaZjp.css                   15.22 kB │ gzip:   3.17 kB
dist/assets/DraftsView-CqNehNEf.css                    27.57 kB │ gzip:   4.56 kB
dist/assets/math-katex-wklAmtGL.css                    29.24 kB │ gzip:   8.04 kB
dist/assets/SettingsView-D7j0fI5G.css                  57.87 kB │ gzip:   8.51 kB
dist/assets/index-BQA2em4V.css                         75.70 kB │ gzip:  15.00 kB
dist/assets/HubView-BffS28lC.css                      120.47 kB │ gzip:  17.81 kB
dist/assets/WorkstationView-CVwOErN5.css              221.98 kB │ gzip:  32.16 kB
dist/assets/clone-7VQXzXqJ.js                           0.08 kB │ gzip:   0.10 kB
dist/assets/tauri-vepBW1O3.js                           0.10 kB │ gzip:   0.11 kB
dist/assets/channel-dQL-srcs.js                         0.11 kB │ gzip:   0.13 kB
dist/assets/init-C0SZ43gy.js                            0.14 kB │ gzip:   0.13 kB
dist/assets/chunk-QZHKN3VN-C4rCrq8P.js                  0.20 kB │ gzip:   0.16 kB
dist/assets/chunk-55IACEB6-BBkTfrC1.js                  0.23 kB │ gzip:   0.20 kB
dist/assets/clipboard-C1h7A_9p.js                       0.29 kB │ gzip:   0.19 kB
dist/assets/chunk-4BX2VUAB-DWJawYg6.js                  0.30 kB │ gzip:   0.21 kB
dist/assets/diff-UJJ5BM9S.js                            0.31 kB │ gzip:   0.24 kB
dist/assets/chunk-FMBD7UC4-CpHY7LX7.js                  0.38 kB │ gzip:   0.28 kB
dist/assets/chunk-EDXVE4YY-D21RxyZ0.js                  0.53 kB │ gzip:   0.37 kB
dist/assets/app-UdKIhPoX.js                             0.53 kB │ gzip:   0.22 kB
dist/assets/brainfuck-CtZaYBKt.js                       0.56 kB │ gzip:   0.32 kB
dist/assets/min-CUZ44d_E.js                             0.58 kB │ gzip:   0.36 kB
dist/assets/tauri-B58KQ7h4.js                           0.59 kB │ gzip:   0.36 kB
dist/assets/stateDiagram-v2-QKLJ7IA2-DvSDvVo_.js        0.62 kB │ gzip:   0.38 kB
dist/assets/os-CogG4xzK.js                              0.66 kB │ gzip:   0.28 kB
dist/assets/properties-_nPj978X.js                      0.67 kB │ gzip:   0.35 kB
dist/assets/classDiagram-6PBFFD2Q-BgFZPhl_.js           0.69 kB │ gzip:   0.42 kB
dist/assets/classDiagram-v2-HSJHXN6E-BgFZPhl_.js        0.69 kB │ gzip:   0.42 kB
dist/assets/NotFoundView-jtTTtYIa.js                    0.74 kB │ gzip:   0.51 kB
dist/assets/asciiarmor-D5V0T9Cu.js                      0.77 kB │ gzip:   0.42 kB
dist/assets/cmake-DXn5xaP-.js                           0.77 kB │ gzip:   0.47 kB
dist/assets/solr-78MBEUkU.js                            0.82 kB │ gzip:   0.46 kB
dist/assets/infoDiagram-42DDH7IO-DO31KAwp.js            0.83 kB │ gzip:   0.51 kB
dist/assets/http-BKJkqRj4.js                            0.85 kB │ gzip:   0.43 kB
dist/assets/protobuf-B4y9do6W.js                        0.90 kB │ gzip:   0.51 kB
dist/assets/updater-NgNzPjif.js                         0.90 kB │ gzip:   0.46 kB
dist/assets/troff-Ce85hlLp.js                           0.97 kB │ gzip:   0.44 kB
dist/assets/toml-BVJm5Fzd.js                            1.05 kB │ gzip:   0.54 kB
dist/assets/spreadsheet-CGlWr0eM.js                     1.14 kB │ gzip:   0.54 kB
dist/assets/ordinal-CVjKTKEW.js                         1.18 kB │ gzip:   0.57 kB
dist/assets/mbox-DoeuZPxA.js                            1.37 kB │ gzip:   0.65 kB
dist/assets/ntriples-BSwWqoLa.js                        1.43 kB │ gzip:   0.60 kB
dist/assets/event-BM53HT1u.js                           1.62 kB │ gzip:   0.77 kB
dist/assets/sieve-r025o_jW.js                           1.63 kB │ gzip:   0.77 kB
dist/assets/rpm-DI_rRufH.js                             1.65 kB │ gzip:   0.83 kB
dist/assets/factor-Bk9_H-XT.js                          1.67 kB │ gzip:   0.62 kB
dist/assets/dialog-DQsizkvU.js                          1.68 kB │ gzip:   0.46 kB
dist/assets/z80-D8p3gKXp.js                             1.74 kB │ gzip:   0.81 kB
dist/assets/wechat-mock-Bfjf6HWY.js                     1.78 kB │ gzip:   0.91 kB
dist/assets/eiffel-DR5c0IrL.js                          1.79 kB │ gzip:   0.92 kB
dist/assets/ebnf-B-Df8AvO.js                            1.80 kB │ gzip:   0.76 kB
dist/assets/elm-DompmV0j.js                             1.87 kB │ gzip:   0.83 kB
dist/assets/types-DXU5ovF-.js                           1.87 kB │ gzip:   0.96 kB
dist/assets/chunk-YZCP3GAM-DVdJxVqy.js                  1.88 kB │ gzip:   0.83 kB
dist/assets/mathematica-IIbmv7SK.js                     1.90 kB │ gzip:   0.81 kB
dist/assets/dockerfile-DVQ9Q8O9.js                      1.93 kB │ gzip:   0.66 kB
dist/assets/turtle-BkSuIpt-.js                          1.94 kB │ gzip:   0.90 kB
dist/assets/smalltalk-C7J3IyEP.js                       2.00 kB │ gzip:   0.86 kB
dist/assets/dtd-DI9Herc-.js                             2.00 kB │ gzip:   0.89 kB
dist/assets/mumps-zvxmGV4l.js                           2.04 kB │ gzip:   0.96 kB
dist/assets/fcl-CVaBTCzQ.js                             2.04 kB │ gzip:   0.96 kB
dist/assets/yacas-I8QjZlxf.js                           2.14 kB │ gzip:   1.10 kB
dist/assets/pascal-CafrKXZF.js                          2.25 kB │ gzip:   1.17 kB
dist/assets/simple-mode-CjHKX61j.js                     2.26 kB │ gzip:   1.08 kB
dist/assets/apl-CXdQSnD-.js                             2.27 kB │ gzip:   1.23 kB
dist/assets/commonlisp-vq6DHwts.js                      2.31 kB │ gzip:   1.11 kB
dist/assets/octave-C4hdQ5Hf.js                          2.32 kB │ gzip:   1.09 kB
dist/assets/tcl-B2fODqDH.js                             2.34 kB │ gzip:   1.21 kB
dist/assets/shell-DvLxwmZY.js                           2.35 kB │ gzip:   0.86 kB
dist/assets/index-BN4L2AvY.js                           2.49 kB │ gzip:   1.54 kB
dist/assets/pig-CwGJVRC4.js                             2.50 kB │ gzip:   1.35 kB
dist/assets/webidl-CGwyPRYs.js                          2.51 kB │ gzip:   1.24 kB
dist/assets/puppet-Bc-yJKzi.js                          2.53 kB │ gzip:   1.21 kB
dist/assets/forth-POgR1ypr.js                           2.54 kB │ gzip:   1.33 kB
dist/assets/shell-BLav31RL.js                           2.54 kB │ gzip:   1.20 kB
dist/assets/editor-bridge-D7jXmdIe.js                   2.63 kB │ gzip:   1.13 kB
dist/assets/velocity-BdD_26Jv.js                        2.66 kB │ gzip:   1.11 kB
dist/assets/index-BSCMrU-q.js                           2.69 kB │ gzip:   1.54 kB
dist/assets/fs-DLjU0HaQ.js                              2.71 kB │ gzip:   0.87 kB
dist/assets/modelica-DSrSSXCg.js                        2.78 kB │ gzip:   1.30 kB
dist/assets/tiddlywiki-BgR6AEZu.js                      2.80 kB │ gzip:   1.08 kB
dist/assets/repository-wv08DwE5.js                      2.85 kB │ gzip:   1.03 kB
dist/assets/oz-qQq7irPq.js                              2.85 kB │ gzip:   1.28 kB
dist/assets/r-BA4EbLKE.js                               2.88 kB │ gzip:   1.34 kB
dist/assets/zhihu-B_azEzqj.js                           2.96 kB │ gzip:   1.33 kB
dist/assets/diagram-5BDNPKRD-BNU-ZL3c.js                3.02 kB │ gzip:   1.44 kB
dist/assets/stex-9_wePcov.js                            3.10 kB │ gzip:   1.15 kB
dist/assets/tiki-CI-ztowC.js                            3.17 kB │ gzip:   1.25 kB
dist/assets/index-CTS641oW.js                           3.20 kB │ gzip:   1.56 kB
dist/assets/vhdl-CWWH2SUo.js                            3.30 kB │ gzip:   1.54 kB
dist/assets/lua-8DXOpKDz.js                             3.34 kB │ gzip:   1.43 kB
dist/assets/index-x4-Db0b3.js                           3.35 kB │ gzip:   1.71 kB
dist/assets/arc-BEW_bIzO.js                             3.40 kB │ gzip:   1.45 kB
dist/assets/sparql-BRLJFz69.js                          3.52 kB │ gzip:   1.63 kB
dist/assets/mscgen-B2igx18G.js                          3.55 kB │ gzip:   0.99 kB
dist/assets/cypher-gJDei3ni.js                          3.56 kB │ gzip:   1.51 kB
dist/assets/d-BShv7fp-.js                               3.70 kB │ gzip:   1.68 kB
dist/assets/coffeescript-BTDxI-eT.js                    3.85 kB │ gzip:   1.69 kB
dist/assets/vb-BHgjm0DN.js                              3.87 kB │ gzip:   1.78 kB
dist/assets/asn1-DWPaVWf6.js                            3.94 kB │ gzip:   1.95 kB
dist/assets/swift-B_XXVlXX.js                           3.99 kB │ gzip:   1.77 kB
dist/assets/q-mUfi2b_o.js                               4.00 kB │ gzip:   1.69 kB
dist/assets/ttcn-cfg-CKJxb-l2.js                        4.03 kB │ gzip:   1.71 kB
dist/assets/dylan-DkEP81N9.js                           4.03 kB │ gzip:   1.64 kB
dist/assets/livescript-HO6ttBFx.js                      4.06 kB │ gzip:   1.63 kB
dist/assets/xiaohongshu-mock-C340Qaen.js                4.06 kB │ gzip:   1.87 kB
dist/assets/groovy-DnIzCrpZ.js                          4.12 kB │ gzip:   1.76 kB
dist/assets/haskell-CLQs6EAM.js                         4.16 kB │ gzip:   1.90 kB
dist/assets/theme-D_DD4gv_.js                           4.17 kB │ gzip:   1.54 kB
dist/assets/asterisk-B46aRdXb.js                        4.39 kB │ gzip:   1.78 kB
dist/assets/cose-bilkent-S5V4N54A-BYZauGjO.js           4.40 kB │ gzip:   1.93 kB
dist/assets/gas-bV0CklSb.js                             4.54 kB │ gzip:   1.28 kB
dist/assets/diagram-TYMM5635-BmS1gfEm.js                4.58 kB │ gzip:   1.97 kB
dist/assets/defaultLocale-BsH76t_G.js                   4.60 kB │ gzip:   2.13 kB
dist/assets/css-sanitizer-BofRWcLZ.js                   4.60 kB │ gzip:   1.85 kB
dist/assets/fortran-DL7KluxX.js                         4.61 kB │ gzip:   1.99 kB
dist/assets/ttcn-BxnYHtq8.js                            4.78 kB │ gzip:   2.12 kB
dist/assets/mllike-3c2dg9RT.js                          4.79 kB │ gzip:   1.55 kB
dist/assets/ThemesView-sUjJGFMI.js                      4.95 kB │ gzip:   2.32 kB
dist/assets/index-BeV_KCuq.js                           4.99 kB │ gzip:   2.37 kB
dist/assets/shortcuts-ehgpGtyp.js                       5.06 kB │ gzip:   2.07 kB
dist/assets/ecl-DPFc0Uaf.js                             5.10 kB │ gzip:   2.30 kB
dist/assets/crystal-CRzZ78HM.js                         5.10 kB │ gzip:   2.05 kB
dist/assets/ruby-CR-u2WLS.js                            5.13 kB │ gzip:   2.14 kB
dist/assets/zhihu-mock-BrrxFAxz.js                      5.31 kB │ gzip:   2.24 kB
dist/assets/julia-DjdwvFuI.js                           5.34 kB │ gzip:   2.12 kB
dist/assets/pieDiagram-DEJITSTG-D8p_gpbb.js             5.46 kB │ gzip:   2.40 kB
dist/assets/linear-Cwpu2Yu-.js                          5.56 kB │ gzip:   2.27 kB
dist/assets/vbscript-Dawdd5GZ.js                        5.77 kB │ gzip:   2.51 kB
dist/assets/mirc-DkvFAiy5.js                            5.92 kB │ gzip:   2.69 kB
dist/assets/cobol-stawOqaz.js                           6.15 kB │ gzip:   2.93 kB
dist/assets/diagram-MMDJMWI5-Ci7-uOIs.js                6.30 kB │ gzip:   2.56 kB
dist/assets/scheme-qjP0V5Ag.js                          6.35 kB │ gzip:   2.39 kB
dist/assets/python-DD-Q2bae.js                          6.41 kB │ gzip:   2.70 kB
dist/assets/pug-BTvK5tSS.js                             6.54 kB │ gzip:   1.83 kB
dist/assets/xquery-CVDBqZPY.js                          6.55 kB │ gzip:   2.57 kB
dist/assets/textile-BuVhTOzU.js                         6.74 kB │ gzip:   2.44 kB
dist/assets/nsis-Cx8FAvMN.js                            6.81 kB │ gzip:   2.99 kB
dist/assets/nginx-B4hAVlXN.js                           7.29 kB │ gzip:   2.71 kB
dist/assets/haxe-D25e-2l-.js                            7.71 kB │ gzip:   2.89 kB
dist/assets/powershell-D1ly3AHC.js                      7.73 kB │ gzip:   3.31 kB
dist/assets/performance-BuutqHkf.js                     7.89 kB │ gzip:   2.59 kB
dist/assets/erlang-BuqgqA5h.js                          7.93 kB │ gzip:   2.89 kB
dist/assets/_baseUniq-CNeBto6c.js                       8.08 kB │ gzip:   3.32 kB
dist/assets/verilog-B4LBqg_1.js                         8.20 kB │ gzip:   3.45 kB
dist/assets/graph-DljZiXjb.js                           8.90 kB │ gzip:   2.95 kB
dist/assets/sas-Bqaci40L.js                             9.33 kB │ gzip:   4.11 kB
dist/assets/perl-tdMlh9QA.js                            9.54 kB │ gzip:   3.44 kB
dist/assets/optional-renderers-BtIhWtVg.js             10.03 kB │ gzip:   4.04 kB
dist/assets/gherkin-B6X1vGSW.js                        10.16 kB │ gzip:   5.09 kB
dist/assets/stateDiagram-FHFEXIEX-mxjzvC2w.js          10.63 kB │ gzip:   3.68 kB
dist/assets/clojure-DiuoqK-z.js                        10.80 kB │ gzip:   3.99 kB
dist/assets/dagre-KV5264BT-BD0eMSPS.js                 11.49 kB │ gzip:   4.23 kB
dist/assets/idl-pcmmZuaN.js                            11.69 kB │ gzip:   4.52 kB
dist/assets/AccountWelcome-C-_4qsLB.js                 11.76 kB │ gzip:   4.41 kB
dist/assets/window-DG780erX.js                         11.82 kB │ gzip:   2.29 kB
dist/assets/index-od-h4Jdy.js                          12.54 kB │ gzip:   5.51 kB
dist/assets/asset-Cw1DPcD3.js                          13.78 kB │ gzip:   4.66 kB
dist/assets/index-CawaPpeh.js                          14.71 kB │ gzip:   5.91 kB
dist/assets/tags-DV_gup-m.js                           15.70 kB │ gzip:   5.19 kB
dist/assets/diagram-G4DWMVQ6-CUkc9n0x.js               15.94 kB │ gzip:   5.53 kB
dist/assets/index-QYKlKDkh.js                          16.29 kB │ gzip:   7.46 kB
dist/assets/javascript-BpzJj0-u.js                     16.54 kB │ gzip:   5.68 kB
dist/assets/DevPanel-DUGHjfjW.js                       16.68 kB │ gzip:   5.62 kB
dist/assets/ishikawaDiagram-UXIWVN3A-DpX2Cdqg.js       17.62 kB │ gzip:   6.54 kB
dist/assets/editor-codemirror-languages-Rt19di9V.js    19.70 kB │ gzip:   4.96 kB
dist/assets/kanban-definition-6JOO6SKY-Cl7XzBg8.js     20.37 kB │ gzip:   7.14 kB
dist/assets/index-vqla2HhE.js                          20.84 kB │ gzip:   9.30 kB
dist/assets/index-kVzVNRTP.js                          21.10 kB │ gzip:   9.68 kB
dist/assets/sankeyDiagram-XADWPNL6-DLRK-Z-J.js         22.13 kB │ gzip:   7.94 kB
dist/assets/clike-fQ55tJiR.js                          22.15 kB │ gzip:   7.79 kB
dist/assets/index-CUdOxNys.js                          22.88 kB │ gzip:  10.23 kB
dist/assets/mindmap-definition-QFDTVHPH-DIC0XWe7.js    23.36 kB │ gzip:   7.87 kB
dist/assets/journeyDiagram-VCZTEJTY-B-WbqsSS.js        23.61 kB │ gzip:   8.26 kB
dist/assets/wardleyDiagram-NUSXRM2D-CykgE-7N.js        24.91 kB │ gzip:   6.61 kB
dist/assets/stylus-Bdo_Aemu.js                         25.75 kB │ gzip:   8.60 kB
dist/assets/PublishView-BStjIaK3.js                    26.10 kB │ gzip:   8.88 kB
dist/assets/erDiagram-SMLLAGMA-rjG03kfe.js             26.52 kB │ gzip:   9.23 kB
dist/assets/css-ZjFoif2m.js                            26.94 kB │ gzip:   8.43 kB
dist/assets/layout-Bg4RItCT.js                         28.50 kB │ gzip:  10.03 kB
dist/assets/gitGraphDiagram-UUTBAWPF-YJNK4NxP.js       30.25 kB │ gzip:   8.87 kB
dist/assets/index-CB4b3bVP.js                          30.75 kB │ gzip:  12.56 kB
dist/assets/requirementDiagram-MS252O5E-CDrZnkSW.js    31.11 kB │ gzip:   9.68 kB
dist/assets/timeline-definition-GMOUNBTQ-4zwsd0BR.js   31.28 kB │ gzip:  10.13 kB
dist/assets/DraftsView-Dcpe9rVg.js                     31.92 kB │ gzip:  10.07 kB
dist/assets/index-K6w6IH9x.js                          32.11 kB │ gzip:  12.96 kB
dist/assets/quadrantDiagram-34T5L4WZ-CVNOlo9_.js       34.01 kB │ gzip:   9.91 kB
dist/assets/chunk-OYMX7WX6-C6p0CuL_.js                 36.37 kB │ gzip:  11.68 kB
dist/assets/sql-B3SPsWL6.js                            37.01 kB │ gzip:  10.93 kB
dist/assets/ui-icons-BiAHgzqs.js                       39.17 kB │ gzip:  12.27 kB
dist/assets/xychartDiagram-5P7HB3ND-BxNKDnZa.js        40.19 kB │ gzip:  11.21 kB
dist/assets/index-BlzpoDL0.js                          40.79 kB │ gzip:  16.79 kB
dist/assets/vennDiagram-DHZGUBPP-ekrB1uFQ.js           41.42 kB │ gzip:  15.00 kB
dist/assets/index-eldc-PFh.js                          44.72 kB │ gzip:  18.89 kB
dist/assets/chunk-4TB4RGXK-BLoNlGcw.js                 46.78 kB │ gzip:  14.83 kB
dist/assets/flowDiagram-DWJPFMVM-0-W22hmA.js           60.34 kB │ gzip:  19.25 kB
dist/assets/ganttDiagram-T4ZO3ILL-CnXnzulL.js          68.75 kB │ gzip:  22.37 kB
dist/assets/c4Diagram-AHTNJAMY-CvCAS9YV.js             69.33 kB │ gzip:  19.33 kB
dist/assets/index-Cuxc4yk6.js                          70.78 kB │ gzip:  25.82 kB
dist/assets/blockDiagram-DXYQGD6D-D3w8pnwm.js          70.90 kB │ gzip:  19.99 kB
dist/assets/index-BMtBRzlt.js                          97.45 kB │ gzip:  28.16 kB
dist/assets/index-BFRoZNOV.js                         100.55 kB │ gzip:  33.59 kB
dist/assets/vendor-vue-runtime-DDcLYoqe.js            108.76 kB │ gzip:  40.88 kB
dist/assets/sequenceDiagram-FGHM5R23-CQIUO7R-.js      115.99 kB │ gzip:  30.29 kB
dist/assets/HubView-BNgglSZl.js                       117.81 kB │ gzip:  41.95 kB
dist/assets/architectureDiagram-Q4EWVU46-Doo5G8zv.js  146.44 kB │ gzip:  40.03 kB
dist/assets/data-runtime-BnHyvp2p.js                  166.36 kB │ gzip:  48.89 kB
dist/assets/syntax-lowlight-core-Dm9w0hOm.js          174.19 kB │ gzip:  51.98 kB
dist/assets/SettingsView-Cp_DfZGK.js                  186.25 kB │ gzip:  54.59 kB
dist/assets/math-katex-tB01thyX.js                    260.53 kB │ gzip:  76.37 kB
dist/assets/WorkstationView-CvgGXzRl.js               396.55 kB │ gzip: 120.19 kB
dist/assets/editor-prosemirror-DFCX6226.js            396.55 kB │ gzip: 123.74 kB
dist/assets/index-BvZhoRwa.js                         466.92 kB │ gzip: 141.59 kB
dist/assets/markdown-rendering-BMTrZ8kr.js            467.76 kB │ gzip: 165.76 kB
dist/assets/wardley-RL74JXVD-DvBRah9Z.js              480.06 kB │ gzip: 106.87 kB
dist/assets/diagram-layout-engines-BOfoeC28.js        505.15 kB │ gzip: 153.55 kB
dist/assets/mermaid.core-DgY4OeZX.js                  541.22 kB │ gzip: 120.84 kB
dist/assets/index-CtpCBHmc.js                         562.49 kB │ gzip: 141.06 kB
dist/assets/editor-codemirror-core-mQUGHQvt.js        614.80 kB │ gzip: 206.80 kB
✓ built in 1m 25s
