
 RUN  v4.1.5 D:/Desktop/Inkforge/inkforge

stderr | src/services/export/platform-export-rendering.test.ts > platform native export rendering rules > sanitizes export-only custom CSS before the WeChat inline pass
[InkForge] [WARN] 2026-07-22T11:54:49.630Z | CSS 安全: 移除危险模式 [JavaScript URL] | {"description":"JavaScript 协议 URL"}
[InkForge] [WARN] 2026-07-22T11:54:49.630Z | CSS 安全: 移除危险模式 [Style Tag Injection] | {"description":"</style> 标签注入尝试"}
[InkForge] [WARN] 2026-07-22T11:54:49.630Z | CSS 安全: 移除危险模式 [Script Tag Injection] | {"description":"<script> 标签注入尝试"}

stderr | src/services/export/platform-export-rendering.test.ts > platform native export rendering rules > degrades WeChat LaTeX output to self-contained readable formula text
Warning: KaTeX doesn't work in quirks mode. Make sure your website has a suitable doctype.

 ✓ src/services/export/platform-export-rendering.test.ts (377 tests) 3556ms
     ✓ routes WeChat markdown Mermaid through readable placeholder instead of code block output  1718ms
stderr | src/services/export/__tests__/pipeline-cross-platform.test.ts > cross-platform pipeline — WeChat > produces compliant HTML through full markdown → wechat pipeline
Warning: KaTeX doesn't work in quirks mode. Make sure your website has a suitable doctype.

stdout | src/services/export/__tests__/pipeline-cross-platform.test.ts > cross-platform pipeline — Xiaohongshu > preview: renderXhsMockHtml strips to text closely matching native artifact
[XHS preview similarity] = 0.9979

stdout | src/services/export/__tests__/pipeline-cross-platform.test.ts > cross-platform pipeline — Xiaohongshu > detectQuality reports only known boundary errors for xiaohongshu
[xhs detectQuality errors] = ["xhs-markdown-control-leak"]

stderr | src/services/export/__tests__/pipeline-cross-platform.test.ts > hard-limit boundaries > wechat: oversize HTML beyond ReDoS threshold returns without throwing
[InkForge] [WARN] 2026-07-22T11:54:55.100Z | [安全警告] normalizeImageAttributes: 输入长度 510641 超过限制 500000，跳过处理
[InkForge] [WARN] 2026-07-22T11:54:55.100Z | [安全警告] fixNestedLists: 输入长度 510641 超过限制 500000，跳过处理
[InkForge] [WARN] 2026-07-22T11:54:55.141Z | [安全警告] normalizeImageAttributes: 输入长度 510641 超过限制 500000，跳过处理
[InkForge] [WARN] 2026-07-22T11:54:55.141Z | [安全警告] fixNestedLists: 输入长度 510641 超过限制 500000，跳过处理

stdout | src/services/export/__tests__/pipeline-cross-platform.test.ts > cross-route fidelity > xhs: fidelity HTML stripped text ≥0.95 similarity vs native text
[cross-route XHS similarity] = 0.9979

 ✓ src/services/export/__tests__/pipeline-cross-platform.test.ts (13 tests) 1111ms
     ✓ produces compliant HTML through full markdown → wechat pipeline  962ms
 ✓ src/services/export/xhs.test.ts (12 tests) 83ms
 ✓ src/services/export/zhihu.test.ts (14 tests) 40ms

 Test Files  4 passed (4)
      Tests  416 passed (416)
   Start at  19:54:47
   Duration  9.78s (transform 1.30s, setup 0ms, import 2.91s, tests 4.79s, environment 1.37s)
