
> inkforge@0.1.0 dev D:\Desktop\Inkforge\inkforge
> vite "--host" "127.0.0.1" "--port" "3005"


  VITE v6.4.1  ready in 682 ms

  ➜  Local:   http://127.0.0.1:3005/
15:48:34 [vite] (client) hmr update /src/views/HubView.vue, /src/styles/main.css, /src/views/HubView.vue?vue&type=style&index=0&scoped=0474e125&lang.css
15:48:59 [vite] (client) hmr update /src/views/HubView.vue, /src/styles/main.css
15:49:02 [vite] (client) hmr update /src/views/HubView.vue, /src/styles/main.css
15:49:07 [vite] (client) hmr update /src/views/HubView.vue, /src/styles/main.css
15:49:15 [vite] (client) hmr update /src/views/HubView.vue, /src/styles/main.css
15:49:18 [vite] (client) hmr update /src/views/HubView.vue, /src/styles/main.css
15:49:39 [vite] (client) hmr update /src/App.vue, /src/styles/main.css
15:49:47 [vite] (client) hmr update /src/App.vue?vue&type=style&index=0&lang.css
15:50:19 [vite] (client) hmr update /src/views/HubView.vue, /src/styles/main.css
15:50:22 [vite] (client) hmr update /src/views/HubView.vue, /src/styles/main.css
15:50:29 [vite] (client) hmr update /src/views/HubView.vue, /src/styles/main.css
15:51:20 [vite] (client) hmr update /src/App.vue, /src/styles/main.css, /src/components/help/WelcomeModal.vue, /src/components/help/HelpCenter.vue, /src/views/SettingsView.vue
15:57:09 [vite] (client) hmr update /src/views/HubView.vue?vue&type=style&index=0&scoped=0474e125&lang.css
15:57:18 [vite] (client) hmr update /src/views/HubView.vue?vue&type=style&index=0&scoped=0474e125&lang.css
15:57:22 [vite] (client) hmr update /src/views/HubView.vue?vue&type=style&index=0&scoped=0474e125&lang.css
15:57:37 [vite] (client) hmr update /src/views/HubView.vue?vue&type=style&index=0&scoped=0474e125&lang.css
15:57:41 [vite] (client) hmr update /src/views/HubView.vue?vue&type=style&index=0&scoped=0474e125&lang.css
15:57:49 [vite] (client) hmr update /src/views/HubView.vue?vue&type=style&index=0&scoped=0474e125&lang.css
15:57:55 [vite] (client) hmr update /src/views/HubView.vue?vue&type=style&index=0&scoped=0474e125&lang.css
15:58:41 [vite] (client) hmr update /src/views/WorkstationView.vue?vue&type=style&index=0&scoped=a8763d5a&lang.css
15:59:06 [vite] (client) hmr update /src/views/HubView.vue, /src/styles/main.css
15:59:12 [vite] (client) hmr update /src/views/WorkstationView.vue?vue&type=style&index=0&scoped=a8763d5a&lang.css
15:59:13 [vite] (client) hmr update /src/views/WorkstationView.vue?vue&type=style&index=0&scoped=a8763d5a&lang.css
15:59:13 [vite] (client) hmr update /src/views/HubView.vue, /src/styles/main.css
15:59:22 [vite] (client) hmr update /src/views/HubView.vue, /src/styles/main.css
15:59:29 [vite] (client) hmr update /src/views/HubView.vue, /src/styles/main.css
15:59:35 [vite] (client) hmr update /src/views/HubView.vue, /src/styles/main.css
15:59:45 [vite] (client) hmr update /src/components/editor/EditorPanel.vue?vue&type=style&index=0&scoped=bab67229&lang.css
15:59:50 [vite] (client) hmr update /src/components/editor/EditorPanel.vue?vue&type=style&index=0&scoped=bab67229&lang.css
15:59:59 [vite] (client) hmr update /src/components/editor/EditorPanel.vue, /src/styles/main.css
16:00:21 [vite] (client) hmr update /src/components/editor/EditorPanel.vue?vue&type=style&index=0&scoped=bab67229&lang.css
16:00:28 [vite] (client) hmr update /src/components/editor/EditorPanel.vue?vue&type=style&index=0&scoped=bab67229&lang.css
16:00:37 [vite] (client) hmr update /src/components/editor/EditorPanel.vue, /src/styles/main.css
16:00:41 [vite] (client) hmr update /src/views/HubView.vue, /src/styles/main.css
16:00:47 [vite] (client) hmr update /src/views/HubView.vue, /src/styles/main.css
16:00:58 [vite] (client) hmr update /src/components/editor/EditorStatusBar.vue, /src/styles/main.css
16:01:02 [vite] (client) hmr update /src/views/HubView.vue, /src/styles/main.css
16:01:11 [vite] (client) hmr update /src/components/editor/EditorStatusBar.vue, /src/styles/main.css
16:01:11 [vite] (client) hmr update /src/views/HubView.vue, /src/styles/main.css
16:01:25 [vite] (client) hmr update /src/components/editor/EditorStatusBar.vue?vue&type=style&index=0&scoped=c555c0d4&lang.css
16:01:38 [vite] (client) hmr update /src/components/editor/EditorStatusBar.vue?vue&type=style&index=0&scoped=c555c0d4&lang.css
16:01:49 [vite] (client) hmr update /src/views/WorkstationView.vue, /src/styles/main.css
16:02:10 [vite] (client) hmr update /src/views/HubView.vue, /src/styles/main.css
16:02:22 [vite] (client) hmr update /src/views/HubView.vue, /src/styles/main.css
16:02:31 [vite] (client) hmr update /src/views/HubView.vue, /src/styles/main.css
16:02:40 [vite] (client) hmr update /src/views/HubView.vue, /src/styles/main.css
16:02:44 [vite] (client) hmr update /src/views/WorkstationView.vue, /src/styles/main.css
16:02:45 [vite] (client) hmr update /src/views/HubView.vue, /src/styles/main.css
16:02:49 [vite] (client) hmr update /src/views/HubView.vue, /src/styles/main.css
16:02:53 [vite] (client) hmr update /src/views/WorkstationView.vue, /src/styles/main.css
16:02:58 [vite] (client) hmr update /src/views/WorkstationView.vue, /src/styles/main.css
16:03:10 [vite] (client) hmr update /src/views/HubView.vue, /src/styles/main.css
16:03:21 [vite] (client) hmr update /src/components/hub/insights/DataInsightsSection.vue, /src/styles/main.css
16:03:23 [vite] (client) hmr update /src/views/WorkstationView.vue, /src/styles/main.css
16:03:50 [vite] (client) hmr update /src/components/hub/insights/ContributionHeatmap.vue, /src/styles/main.css
16:03:52 [vite] (client) hmr update /src/views/WorkstationView.vue, /src/styles/main.css
16:04:14 [vite] (client) hmr update /src/components/hub/insights/TagCloud.vue, /src/styles/main.css, /src/components/hub/insights/TagCloud.vue?vue&type=style&index=0&scoped=6beb694e&lang.css
16:04:20 [vite] (client) hmr update /src/views/WorkstationView.vue, /src/styles/main.css
16:04:34 [vite] (client) hmr update /src/views/WorkstationView.vue?vue&type=style&index=0&scoped=a8763d5a&lang.css
16:04:54 [vite] (client) hmr update /src/components/file/FileManager.vue?vue&type=style&index=0&scoped=8e478daf&lang.css
16:04:57 [vite] (client) hmr update /src/views/HubView.vue, /src/styles/main.css
16:05:11 [vite] (client) hmr update /src/views/HubView.vue, /src/styles/main.css
16:05:19 [vite] (client) hmr update /src/components/file/FileManager.vue?vue&type=style&index=0&scoped=8e478daf&lang.css
16:05:29 [vite] (client) hmr update /src/components/file/FileManager.vue?vue&type=style&index=0&scoped=8e478daf&lang.css
16:05:39 [vite] (client) hmr update /src/views/WorkstationView.vue?vue&type=style&index=0&scoped=a8763d5a&lang.css
16:05:41 [vite] (client) hmr update /src/views/HubView.vue?vue&type=style&index=0&scoped=0474e125&lang.css
16:05:48 [vite] (client) hmr update /src/views/WorkstationView.vue?vue&type=style&index=0&scoped=a8763d5a&lang.css
16:05:56 [vite] (client) hmr update /src/components/workstation/WorkstationTabBar.vue?vue&type=style&index=0&scoped=80882a0e&lang.css
16:05:57 [vite] (client) hmr update /src/views/HubView.vue, /src/styles/main.css
16:06:01 [vite] (client) hmr update /src/components/workstation/WorkstationTabBar.vue?vue&type=style&index=0&scoped=80882a0e&lang.css
16:06:11 [vite] (client) hmr update /src/views/HubView.vue, /src/styles/main.css
16:06:17 [vite] (client) hmr update /src/views/WorkstationView.vue, /src/styles/main.css
16:06:21 [vite] (client) hmr update /src/views/HubView.vue, /src/styles/main.css
16:06:31 [vite] (client) hmr update /src/views/HubView.vue, /src/styles/main.css
16:06:39 [vite] (client) hmr update /src/views/HubView.vue, /src/styles/main.css
16:06:45 [vite] (client) hmr update /src/views/WorkstationView.vue, /src/styles/main.css
16:07:12 [vite] (client) hmr update /src/views/WorkstationView.vue?vue&type=style&index=0&scoped=a8763d5a&lang.css
16:07:29 [vite] (client) hmr update /src/views/HubView.vue, /src/styles/main.css
16:07:35 [vite] (client) hmr update /src/views/HubView.vue, /src/styles/main.css
16:07:54 [vite] (client) hmr update /src/views/HubView.vue, /src/styles/main.css
16:08:10 [vite] (client) page reload src/stores/settings.ts
16:08:16 [vite] (client) hmr update /src/views/WorkstationView.vue, /src/styles/main.css
16:08:26 [vite] (client) hmr update /src/views/HubView.vue?vue&type=style&index=0&scoped=0474e125&lang.css
16:08:35 [vite] (client) hmr update /src/views/SettingsView.vue, /src/styles/main.css
16:09:01 [vite] (client) hmr update /src/views/WorkstationView.vue, /src/styles/main.css
16:30:42 [vite] (client) hmr update /src/components/editor/EditorPanel.vue, /src/styles/main.css
16:32:13 [vite] (client) hmr update /src/views/WorkstationView.vue, /src/styles/main.css
16:40:57 [vite] (client) hmr update /src/components/editor/EditorPanel.vue, /src/styles/main.css
16:40:57 [vite] (client) hmr update /src/views/HubView.vue, /src/styles/main.css
16:40:57 [vite] (client) hmr update /src/components/editor/EditorPanel.vue, /src/styles/main.css
16:40:57 [vite] (client) hmr update /src/views/WorkstationView.vue, /src/styles/main.css
16:54:35 [vite] (client) hmr update /src/views/HubView.vue?vue&type=style&index=0&scoped=0474e125&lang.css
16:54:53 [vite] (client) hmr update /src/views/HubView.vue?vue&type=style&index=0&scoped=0474e125&lang.css
16:55:05 [vite] (client) hmr update /src/views/HubView.vue?vue&type=style&index=0&scoped=0474e125&lang.css
16:55:10 [vite] (client) hmr update /src/views/HubView.vue?vue&type=style&index=0&scoped=0474e125&lang.css
16:55:24 [vite] (client) hmr update /src/views/HubView.vue, /src/styles/main.css
16:55:34 [vite] (client) hmr update /src/views/HubView.vue, /src/styles/main.css
16:55:53 [vite] (client) hmr update /src/views/HubView.vue?vue&type=style&index=0&scoped=0474e125&lang.css
16:56:03 [vite] (client) hmr update /src/views/HubView.vue?vue&type=style&index=0&scoped=0474e125&lang.css
16:56:10 [vite] (client) hmr update /src/views/HubView.vue, /src/styles/main.css
16:56:17 [vite] (client) hmr update /src/views/HubView.vue, /src/styles/main.css
16:56:26 [vite] (client) hmr update /src/views/HubView.vue, /src/styles/main.css
16:56:34 [vite] (client) hmr update /src/components/editor/EditorStatusBar.vue, /src/styles/main.css, /src/components/editor/EditorStatusBar.vue?vue&type=style&index=0&scoped=c555c0d4&lang.css
16:56:49 [vite] (client) hmr update /src/components/editor/EditorStatusBar.vue?vue&type=style&index=0&scoped=c555c0d4&lang.css
16:57:01 [vite] (client) hmr update /src/components/editor/EditorStatusBar.vue?vue&type=style&index=0&scoped=c555c0d4&lang.css
16:57:11 [vite] (client) hmr update /src/components/editor/EditorStatusBar.vue?vue&type=style&index=0&scoped=c555c0d4&lang.css
16:57:33 [vite] (client) hmr update /src/components/hub/insights/DataInsightsSection.vue, /src/styles/main.css
16:57:39 [vite] (client) hmr update /src/components/hub/insights/DataInsightsSection.vue?vue&type=style&index=0&scoped=bb0877f1&lang.css
16:57:44 [vite] (client) hmr update /src/components/hub/insights/DataInsightsSection.vue?vue&type=style&index=0&scoped=bb0877f1&lang.css
16:59:19 [vite] (client) hmr update /src/views/HubView.vue?vue&type=style&index=0&scoped=0474e125&lang.css
16:59:34 [vite] (client) hmr update /src/views/HubView.vue, /src/styles/main.css
16:59:38 [vite] (client) hmr update /src/views/HubView.vue, /src/styles/main.css
16:59:49 [vite] (client) hmr update /src/views/HubView.vue?vue&type=style&index=0&scoped=0474e125&lang.css
16:59:57 [vite] (client) hmr update /src/views/HubView.vue?vue&type=style&index=0&scoped=0474e125&lang.css
17:00:05 [vite] (client) hmr update /src/views/HubView.vue?vue&type=style&index=0&scoped=0474e125&lang.css
17:00:28 [vite] (client) hmr update /src/components/editor/EditorStatusBar.vue, /src/styles/main.css
17:00:58 [vite] (client) hmr update /src/views/HubView.vue, /src/styles/main.css
17:08:06 [vite] (client) hmr update /src/views/HubView.vue, /src/styles/main.css, /src/views/HubView.vue?vue&type=style&index=0&scoped=0474e125&lang.css
17:08:22 [vite] (client) hmr update /src/views/HubView.vue?vue&type=style&index=0&scoped=0474e125&lang.css
17:08:32 [vite] (client) hmr update /src/views/HubView.vue?vue&type=style&index=0&scoped=0474e125&lang.css
17:08:39 [vite] (client) hmr update /src/views/HubView.vue?vue&type=style&index=0&scoped=0474e125&lang.css
17:08:52 [vite] (client) hmr update /src/views/HubView.vue, /src/styles/main.css
17:09:11 [vite] (client) hmr update /src/views/HubView.vue, /src/styles/main.css
17:09:27 [vite] (client) hmr update /src/views/HubView.vue?vue&type=style&index=0&scoped=0474e125&lang.css
17:09:47 [vite] (client) hmr update /src/views/HubView.vue?vue&type=style&index=0&scoped=0474e125&lang.css
17:10:02 [vite] (client) hmr update /src/views/HubView.vue?vue&type=style&index=0&scoped=0474e125&lang.css
17:10:25 [vite] (client) hmr update /src/views/HubView.vue?vue&type=style&index=0&scoped=0474e125&lang.css
17:10:57 [vite] (client) hmr update /src/views/HubView.vue?vue&type=style&index=0&scoped=0474e125&lang.css
17:11:32 [vite] (client) hmr update /src/views/HubView.vue?vue&type=style&index=0&scoped=0474e125&lang.css
17:11:51 [vite] (client) hmr update /src/views/HubView.vue?vue&type=style&index=0&scoped=0474e125&lang.css
17:12:22 [vite] (client) hmr update /src/views/HubView.vue?vue&type=style&index=0&scoped=0474e125&lang.css
17:12:56 [vite] (client) hmr update /src/views/HubView.vue?vue&type=style&index=0&scoped=0474e125&lang.css
17:13:24 [vite] (client) hmr update /src/views/HubView.vue?vue&type=style&index=0&scoped=0474e125&lang.css
17:16:05 [vite] (client) hmr update /src/views/HubView.vue, /src/styles/main.css
17:16:15 [vite] (client) hmr update /src/views/HubView.vue?vue&type=style&index=0&scoped=0474e125&lang.css
17:16:32 [vite] (client) hmr update /src/views/HubView.vue?vue&type=style&index=0&scoped=0474e125&lang.css
17:16:39 [vite] (client) hmr update /src/views/HubView.vue?vue&type=style&index=0&scoped=0474e125&lang.css
