
 RUN  v4.1.5 D:/Desktop/Inkforge/inkforge

stderr | src/services/export/platform-export-rendering.test.ts > platform native export rendering rules > sanitizes export-only custom CSS before the WeChat inline pass
[InkForge] [WARN] 2026-07-23T18:07:23.748Z | CSS 安全: 移除危险模式 [JavaScript URL] | {"description":"JavaScript 协议 URL"}
[InkForge] [WARN] 2026-07-23T18:07:23.750Z | CSS 安全: 移除危险模式 [Style Tag Injection] | {"description":"</style> 标签注入尝试"}
[InkForge] [WARN] 2026-07-23T18:07:23.750Z | CSS 安全: 移除危险模式 [Script Tag Injection] | {"description":"<script> 标签注入尝试"}

stderr | src/services/export/platform-export-rendering.test.ts > platform native export rendering rules > degrades WeChat LaTeX output to self-contained readable formula text
Warning: KaTeX doesn't work in quirks mode. Make sure your website has a suitable doctype.

 ✓ src/services/export/platform-export-rendering.test.ts (377 tests) 6192ms
     ✓ inlines Settings export-only custom CSS into WeChat HTML without runtime style tags  424ms
     ✓ routes WeChat markdown Mermaid through readable placeholder instead of code block output  2983ms
 ✓ src/services/export/shared-typography.test.ts (4 tests) 3594ms
     ✓ keeps every canonical typography control effective in every WeChat preset  3370ms
stderr | src/services/export/__tests__/pipeline-cross-platform.test.ts > cross-platform pipeline — WeChat > produces compliant HTML through full markdown → wechat pipeline
Warning: KaTeX doesn't work in quirks mode. Make sure your website has a suitable doctype.

stdout | src/services/export/__tests__/pipeline-cross-platform.test.ts > cross-platform pipeline — Xiaohongshu > preview: renderXhsMockHtml strips to text closely matching native artifact
[XHS preview similarity] = 0.9979

stdout | src/services/export/__tests__/pipeline-cross-platform.test.ts > cross-platform pipeline — Xiaohongshu > detectQuality reports only known boundary errors for xiaohongshu
[xhs detectQuality errors] = ["xhs-markdown-control-leak"]

stderr | src/services/export/__tests__/pipeline-cross-platform.test.ts > hard-limit boundaries > wechat: oversize HTML beyond ReDoS threshold returns without throwing
[InkForge] [WARN] 2026-07-23T18:07:37.718Z | [安全警告] normalizeImageAttributes: 输入长度 510641 超过限制 500000，跳过处理
[InkForge] [WARN] 2026-07-23T18:07:37.718Z | [安全警告] fixNestedLists: 输入长度 510641 超过限制 500000，跳过处理
[InkForge] [WARN] 2026-07-23T18:07:37.771Z | [安全警告] normalizeImageAttributes: 输入长度 510641 超过限制 500000，跳过处理
[InkForge] [WARN] 2026-07-23T18:07:37.771Z | [安全警告] fixNestedLists: 输入长度 510641 超过限制 500000，跳过处理

stdout | src/services/export/__tests__/pipeline-cross-platform.test.ts > cross-route fidelity > xhs: fidelity HTML stripped text ≥0.95 similarity vs native text
[cross-route XHS similarity] = 0.9979

 ✓ src/services/export/__tests__/pipeline-cross-platform.test.ts (13 tests) 1438ms
     ✓ produces compliant HTML through full markdown → wechat pipeline  1255ms
 ✓ src/services/export/__tests__/frozen-prototype.test.ts (16 tests) 751ms
 ✓ src/services/export/wechat-svg-options.test.ts (3 tests) 406ms
 ✓ src/services/export/publish-copy.test.ts (5 tests) 471ms
 ✓ src/services/export/__tests__/emit-flagship-artifacts.test.ts (1 test) 313ms
     ✓ renders flagship presets through the real pipeline and (optionally) writes paste-ready HTML  312ms
 ✓ src/services/export/local-delivery.test.ts (4 tests) 337ms
     ✓ adds portable frontmatter only for a blog target and emits semantic HTML  329ms
 ✓ src/services/export/persona-distinction.test.ts (8 tests) 308ms
 ✓ src/services/export/wechat-style-export-samples.test.ts (1 test) 227ms
 ✓ src/services/export/delivery-adornments.test.ts (7 tests) 203ms
 ✓ src/services/export/xhs.test.ts (12 tests) 95ms
 ✓ src/services/export/__tests__/flagship-pipeline-smoke.test.ts (33 tests) 83ms
 ✓ src/services/export/zhihu.test.ts (14 tests) 53ms
 ✓ src/services/export/wechat-publish.test.ts (18 tests) 37ms
 ✓ src/services/export/svg-modules/__tests__/html-blocks.test.ts (69 tests) 52ms
 ✓ src/services/export/application-svg-gallery.test.ts (2 tests) 40ms
 ✓ src/services/export/svg-modules/__tests__/interactive.test.ts (58 tests) 32ms
 ✓ src/services/export/wechat-svg-application.test.ts (3 tests) 34ms
 ✓ src/services/export/__tests__/flagship-svg.test.ts (21 tests) 34ms
 ✓ src/services/export/renderers/ast.test.ts (19 tests) 57ms
 ✓ src/services/export/themes-migration.test.ts (255 tests) 41ms
 ✓ src/services/export/svg-modules/__tests__/registry.test.ts (5 tests) 38ms
 ✓ src/services/export/preview-fidelity/zhihu-mock.test.ts (14 tests) 32ms
 ✓ src/services/export/svg-modules/__tests__/dividers.test.ts (64 tests) 26ms
 ✓ src/services/export/preview-fidelity/svg-modules-fidelity.test.ts (2 tests) 22ms
 ✓ src/services/export/preset-decorations.test.ts (65 tests) 15ms
 ✓ src/services/export/svg-modules/__tests__/badges.test.ts (17 tests) 15ms
 ✓ src/services/export/svg-modules/__tests__/covers.test.ts (24 tests) 18ms
 ✓ src/services/export/image-pipeline/image-pipeline.test.ts (22 tests) 21ms
 ✓ src/services/export/svg-modules/__tests__/primitives.test.ts (19 tests) 16ms
 ✓ src/services/export/svg-modules/__tests__/xhs-card-slicer.test.ts (8 tests) 21ms
 ✓ src/services/export/platform-rules/zhihu.test.ts (21 tests) 13ms
 ✓ src/services/export/svg-modules/__tests__/headers.test.ts (23 tests) 15ms
 ✓ src/services/export/svg-modules/__tests__/quotes.test.ts (27 tests) 19ms
 ✓ src/services/export/svg-modules/__tests__/endmarks.test.ts (17 tests) 13ms
 ✓ src/services/export/svg-modules/__tests__/wechat-safe.test.ts (18 tests) 16ms
 ✓ src/services/export/svg-modules/__tests__/raster.test.ts (9 tests) 16ms
 ✓ src/services/export/platform-rules/xiaohongshu.test.ts (20 tests) 14ms
 ✓ src/services/export/preset-fonts.test.ts (10 tests) 12ms
 ✓ src/services/export/svg-modules/__tests__/inject.test.ts (17 tests) 13ms
 ✓ src/services/export/svg-modules/__tests__/theme.test.ts (15 tests) 15ms
 ✓ src/services/export/platform-rules/wechat.test.ts (22 tests) 15ms
 ✓ src/services/export/preview-fidelity/xiaohongshu-mock.test.ts (11 tests) 10ms
 ✓ src/services/export/citation-export.test.ts (2 tests) 11ms

 Test Files  45 passed (45)
      Tests  1395 passed (1395)
   Start at  02:07:18
   Duration  48.11s (transform 4.58s, setup 0ms, import 14.40s, tests 15.20s, environment 7.20s)

